// Jest Snapshot v1, https://goo.gl/fbAQLP

exports[`Games Component test checks if Games Component matches snapshot 1`] = `
<div
  className="container gamesContainer"
>
  <div
    className="dateContainer"
  >
    <button
      className="btn btn-primary"
      type="button"
    >
      Previous
    </button>
    <div>
      2 / 8 / 2019
    </div>
    <button
      className="btn btn-primary"
      type="button"
    >
      Next
    </button>
  </div>
</div>
`;
